Puts with recursion
First, solve the problem. Then, write the code
Talk is cheap. Show me the code

