reklaW notloC
edoc eht etirw ,nehT .melborp eht evlos ,tsriF
edoc eht em wohS .paehc si klaT